   Compiling easytier-core v2.7.0 (D:\EasyTier\easytier-core)
warning: easytier@2.7.0: VC-LTL5 Enabled: 6.0.6000.0(x64)
warning: easytier@2.7.0: YY-Thunks Enabled: Win7(x64)
warning: easytier-web@2.7.0: VC-LTL5 Enabled: 6.0.6000.0(x64)
warning: easytier-web@2.7.0: YY-Thunks Enabled: Win7(x64)
   Compiling easytier v2.7.0 (D:\EasyTier\easytier)
warning: unused imports: `MAX_UDP_DATAGRAM_SIZE`, `MAX_UDP_SESSION_DATAGRAM_SIZE`, and `UdpSocketDatagram`
  --> easytier\src\socket\udp.rs:15:9
   |
15 |         MAX_UDP_DATAGRAM_SIZE, MAX_UDP_SESSION_DATAGRAM_SIZE, UdpBindOptions, UdpSocketDatagram,
   |         ^^^^^^^^^^^^^^^^^^^^^  ^^^^^^^^^^^^^^^^^^^^^^^^^^^^^                  ^^^^^^^^^^^^^^^^^
   |
   = note: `#[warn(unused_imports)]` (part of `#[warn(unused)]`) on by default

warning: variable does not need to be mutable
  --> easytier\src\instance\config_storage.rs:39:17
   |
39 |             let mut options = OpenOptions::new();
   |                 ----^^^^^^^
   |                 |
   |                 help: remove this `mut`
   |
   = note: `#[warn(unused_mut)]` (part of `#[warn(unused)]`) on by default

warning: variable does not need to be mutable
  --> easytier\src\common\credential_manager.rs:30:9
   |
30 |     let mut options = OpenOptions::new();
   |         ----^^^^^^^
   |         |
   |         help: remove this `mut`

